.\.venv\Scripts\python.exe : Watching for file changes with StatReloader
At line:1 char:66
+ ... BUG="True"; .\.venv\Scripts\python.exe manage.py runserver 127.0.0.1: ...
+                 ~~~~~~~~~~~~~~~~~~~~~~~~~~~~~~~~~~~~~~~~~~~~~~~~~~~~~~~~~
    + CategoryInfo          : NotSpecified: (Watching for fi...th StatReloader:String) [], RemoteException
    + FullyQualifiedErrorId : NativeCommandError
 
[26/Jul/2026 00:14:00] "GET /admin/login/ HTTP/1.1" 200 4071
[26/Jul/2026 00:14:01] "POST /admin/login/ HTTP/1.1" 302 0
[26/Jul/2026 00:14:01] "GET / HTTP/1.1" 200 8857
[26/Jul/2026 00:14:01] "GET / HTTP/1.1" 200 8857
[26/Jul/2026 00:14:02] "GET /pos/ HTTP/1.1" 200 31901
[26/Jul/2026 00:14:02] "GET /inventory/ HTTP/1.1" 200 12815
[26/Jul/2026 00:14:02] "GET /purchasing/suppliers/ HTTP/1.1" 200 4740
[26/Jul/2026 00:14:02] "GET /purchasing/orders/ HTTP/1.1" 200 4263
[26/Jul/2026 00:14:02] "GET /purchasing/orders/new/ HTTP/1.1" 200 6539
[26/Jul/2026 00:14:02] "GET /accounting/profit-loss/ HTTP/1.1" 200 4764
[26/Jul/2026 00:14:02] "GET /accounting/balance-sheet/ HTTP/1.1" 200 5026
[26/Jul/2026 00:14:02] "GET /accounting/trial-balance/ HTTP/1.1" 200 4783
[26/Jul/2026 00:14:02] "GET /accounting/accounts/ HTTP/1.1" 200 10922
[26/Jul/2026 00:14:02] "GET /accounting/journals/ HTTP/1.1" 200 5296
[26/Jul/2026 00:14:03,000] - Broken pipe from ('127.0.0.1', 54615)
[26/Jul/2026 00:14:20] "GET /admin/login/ HTTP/1.1" 200 4071
[26/Jul/2026 00:14:21] "POST /admin/login/ HTTP/1.1" 302 0
[26/Jul/2026 00:14:21] "GET / HTTP/1.1" 200 8857
[26/Jul/2026 00:14:21] "GET /accounting/accounts/1/ledger/ HTTP/1.1" 200 4110
[26/Jul/2026 00:14:21] "GET / HTTP/1.1" 200 8857
[26/Jul/2026 00:14:21,892] - Broken pipe from ('127.0.0.1', 54988)
[26/Jul/2026 00:16:15] "GET /admin/sales/customer/ HTTP/1.1" 200 14907
[26/Jul/2026 00:16:15] "GET /static/admin/css/dark_mode.css HTTP/1.1" 304 0
[26/Jul/2026 00:16:15] "GET /static/admin/css/base.css HTTP/1.1" 304 0
[26/Jul/2026 00:16:15] "GET /static/admin/css/nav_sidebar.css HTTP/1.1" 304 0
[26/Jul/2026 00:16:15] "GET /static/admin/js/vendor/jquery/jquery.js HTTP/1.1" 304 0
[26/Jul/2026 00:16:15] "GET /static/admin/css/responsive.css HTTP/1.1" 304 0
[26/Jul/2026 00:16:15] "GET /static/admin/js/theme.js HTTP/1.1" 304 0
[26/Jul/2026 00:16:15] "GET /static/admin/js/jquery.init.js HTTP/1.1" 304 0
[26/Jul/2026 00:16:15] "GET /static/admin/css/changelists.css HTTP/1.1" 304 0
[26/Jul/2026 00:16:15] "GET /static/admin/js/urlify.js HTTP/1.1" 304 0
[26/Jul/2026 00:16:15] "GET /static/admin/js/actions.js HTTP/1.1" 304 0
[26/Jul/2026 00:16:15] "GET /static/admin/js/core.js HTTP/1.1" 304 0
[26/Jul/2026 00:16:15] "GET /static/admin/js/vendor/xregexp/xregexp.js HTTP/1.1" 304 0
[26/Jul/2026 00:16:15] "GET /static/admin/js/prepopulate.js HTTP/1.1" 304 0
[26/Jul/2026 00:16:15] "GET /static/admin/img/search.svg HTTP/1.1" 304 0
[26/Jul/2026 00:16:15] "GET /static/admin/js/admin/RelatedObjectLookups.js HTTP/1.1" 304 0
[26/Jul/2026 00:16:15] "GET /admin/jsi18n/ HTTP/1.1" 200 3342
[26/Jul/2026 00:16:15] "GET /static/admin/js/nav_sidebar.js HTTP/1.1" 304 0
[26/Jul/2026 00:16:15] "GET /static/admin/js/filters.js HTTP/1.1" 304 0
[26/Jul/2026 00:16:15] "GET /static/admin/img/icon-addlink.svg HTTP/1.1" 304 0
[26/Jul/2026 00:16:15] "GET /static/admin/img/tooltag-add.svg HTTP/1.1" 304 0
[26/Jul/2026 00:16:19] "GET / HTTP/1.1" 200 8857
[26/Jul/2026 00:16:19] "GET /static/css/kifaru.css HTTP/1.1" 200 6756
[26/Jul/2026 00:16:28] "GET /pos/ HTTP/1.1" 200 31901
[26/Jul/2026 00:16:35] "GET / HTTP/1.1" 200 8857
[26/Jul/2026 00:16:37] "GET /inventory/ HTTP/1.1" 200 12815
[26/Jul/2026 00:16:40] "GET /purchasing/suppliers/ HTTP/1.1" 200 4740
[26/Jul/2026 00:16:43] "GET /purchasing/orders/ HTTP/1.1" 200 4263
[26/Jul/2026 00:16:46] "GET /accounting/profit-loss/ HTTP/1.1" 200 4764
[26/Jul/2026 00:16:49] "GET /accounting/balance-sheet/ HTTP/1.1" 200 5026
[26/Jul/2026 00:16:51] "GET /accounting/trial-balance/ HTTP/1.1" 200 4783
[26/Jul/2026 00:16:52] "GET /accounting/accounts/ HTTP/1.1" 200 10922
[26/Jul/2026 00:16:54] "GET /accounting/journals/ HTTP/1.1" 200 5296
[26/Jul/2026 00:17:00] "GET /pos/ HTTP/1.1" 200 31901
